// Jest Snapshot v1, https://goo.gl/fbAQLP

exports[`Componenet ====  Welcome should match snapshot 1`] = `<withRouter(Connect(Header)) />`;
