// Jest Snapshot v1, https://goo.gl/fbAQLP

exports[`Component === App should match snapshot 1`] = `
<div>
  <Switch>
    <Route
      path="/thoughts"
      render={[Function]}
    />
    <Route
      path="/"
      render={[Function]}
    />
  </Switch>
</div>
`;
